#Packing pin usage report
Type: io
	Input Pin Usage:
		Max: 1.00 (0.50)
		Avg: 0.25 (0.12)
		Min: 0.00 (0.00)
		Histogram:
		[        0:      0.2) 193 (75.1%) |***********************************************
		[      0.2:      0.4)   0 ( 0.0%) |
		[      0.4:      0.6)   0 ( 0.0%) |
		[      0.6:      0.8)   0 ( 0.0%) |
		[      0.8:        1)  64 (24.9%) |****************
		[        1:      1.2)   0 ( 0.0%) |
		[      1.2:      1.4)   0 ( 0.0%) |
		[      1.4:      1.6)   0 ( 0.0%) |
		[      1.6:      1.8)   0 ( 0.0%) |
		[      1.8:        2)   0 ( 0.0%) |
	Output Pin Usage:
		Max: 1.00 (1.00)
		Avg: 0.75 (0.75)
		Min: 0.00 (0.00)
		Histogram:
		[        0:      0.1)  64 (24.9%) |****************
		[      0.1:      0.2)   0 ( 0.0%) |
		[      0.2:      0.3)   0 ( 0.0%) |
		[      0.3:      0.4)   0 ( 0.0%) |
		[      0.4:      0.5)   0 ( 0.0%) |
		[      0.5:      0.6)   0 ( 0.0%) |
		[      0.6:      0.7)   0 ( 0.0%) |
		[      0.7:      0.8)   0 ( 0.0%) |
		[      0.8:      0.9)   0 ( 0.0%) |
		[      0.9:        1) 193 (75.1%) |***********************************************

Type: clb
	Input Pin Usage:
		Max: 40.00 (0.95)
		Avg: 27.14 (0.65)
		Min: 2.00 (0.05)
		Histogram:
		[        0:      4.2)  71 ( 6.3%) |*****
		[      4.2:      8.4)  24 ( 2.1%) |**
		[      8.4:       13)  21 ( 1.9%) |*
		[       13:       17)  28 ( 2.5%) |**
		[       17:       21)  61 ( 5.5%) |****
		[       21:       25)  73 ( 6.5%) |*****
		[       25:       29) 109 ( 9.7%) |*******
		[       29:       34) 724 (64.7%) |***********************************************
		[       34:       38)   0 ( 0.0%) |
		[       38:       42)   8 ( 0.7%) |*
	Output Pin Usage:
		Max: 20.00 (0.95)
		Avg: 6.75 (0.32)
		Min: 1.00 (0.05)
		Histogram:
		[        0:      2.1) 151 (13.5%) |******************************
		[      2.1:      4.2) 217 (19.4%) |******************************************
		[      4.2:      6.3) 240 (21.4%) |***********************************************
		[      6.3:      8.4) 209 (18.7%) |*****************************************
		[      8.4:       10) 119 (10.6%) |***********************
		[       10:       13)  75 ( 6.7%) |***************
		[       13:       15)  41 ( 3.7%) |********
		[       15:       17)  30 ( 2.7%) |******
		[       17:       19)  21 ( 1.9%) |****
		[       19:       21)  16 ( 1.4%) |***

Type: mult_36
	Input Pin Usage:
		Max: 48.00 (0.67)
		Avg: 48.00 (0.67)
		Min: 48.00 (0.67)
		Histogram:
		[        0:      7.2) 0 ( 0.0%) |
		[      7.2:       14) 0 ( 0.0%) |
		[       14:       22) 0 ( 0.0%) |
		[       22:       29) 0 ( 0.0%) |
		[       29:       36) 0 ( 0.0%) |
		[       36:       43) 0 ( 0.0%) |
		[       43:       50) 4 (100.0%) |*************************************************
		[       50:       58) 0 ( 0.0%) |
		[       58:       65) 0 ( 0.0%) |
		[       65:       72) 0 ( 0.0%) |
	Output Pin Usage:
		Max: 48.00 (0.67)
		Avg: 48.00 (0.67)
		Min: 48.00 (0.67)
		Histogram:
		[        0:      7.2) 0 ( 0.0%) |
		[      7.2:       14) 0 ( 0.0%) |
		[       14:       22) 0 ( 0.0%) |
		[       22:       29) 0 ( 0.0%) |
		[       29:       36) 0 ( 0.0%) |
		[       36:       43) 0 ( 0.0%) |
		[       43:       50) 4 (100.0%) |*************************************************
		[       50:       58) 0 ( 0.0%) |
		[       58:       65) 0 ( 0.0%) |
		[       65:       72) 0 ( 0.0%) |

