#Packing pin usage report
Type: io
	Input Pin Usage:
		Max: 1.00 (0.50)
		Avg: 0.33 (0.17)
		Min: 0.00 (0.00)
		Histogram:
		[        0:      0.2) 129 (66.8%) |***********************************************
		[      0.2:      0.4)   0 ( 0.0%) |
		[      0.4:      0.6)   0 ( 0.0%) |
		[      0.6:      0.8)   0 ( 0.0%) |
		[      0.8:        1)  64 (33.2%) |***********************
		[        1:      1.2)   0 ( 0.0%) |
		[      1.2:      1.4)   0 ( 0.0%) |
		[      1.4:      1.6)   0 ( 0.0%) |
		[      1.6:      1.8)   0 ( 0.0%) |
		[      1.8:        2)   0 ( 0.0%) |
	Output Pin Usage:
		Max: 1.00 (1.00)
		Avg: 0.67 (0.67)
		Min: 0.00 (0.00)
		Histogram:
		[        0:      0.1)  64 (33.2%) |***********************
		[      0.1:      0.2)   0 ( 0.0%) |
		[      0.2:      0.3)   0 ( 0.0%) |
		[      0.3:      0.4)   0 ( 0.0%) |
		[      0.4:      0.5)   0 ( 0.0%) |
		[      0.5:      0.6)   0 ( 0.0%) |
		[      0.6:      0.7)   0 ( 0.0%) |
		[      0.7:      0.8)   0 ( 0.0%) |
		[      0.8:      0.9)   0 ( 0.0%) |
		[      0.9:        1) 129 (66.8%) |***********************************************

Type: clb
	Input Pin Usage:
		Max: 40.00 (0.95)
		Avg: 27.75 (0.66)
		Min: 2.00 (0.05)
		Histogram:
		[        0:      4.2)  39 ( 5.4%) |****
		[      4.2:      8.4)  10 ( 1.4%) |*
		[      8.4:       13)   7 ( 1.0%) |*
		[       13:       17)  15 ( 2.1%) |**
		[       17:       21)  51 ( 7.1%) |*****
		[       21:       25)  44 ( 6.1%) |*****
		[       25:       29)  88 (12.3%) |*********
		[       29:       34) 450 (62.8%) |***********************************************
		[       34:       38)   5 ( 0.7%) |*
		[       38:       42)   8 ( 1.1%) |*
	Output Pin Usage:
		Max: 20.00 (0.95)
		Avg: 8.89 (0.42)
		Min: 1.00 (0.05)
		Histogram:
		[        0:      2.1)  50 ( 7.0%) |****************
		[      2.1:      4.2)  44 ( 6.1%) |**************
		[      4.2:      6.3) 126 (17.6%) |*****************************************
		[      6.3:      8.4) 145 (20.2%) |***********************************************
		[      8.4:       10) 130 (18.1%) |******************************************
		[       10:       13)  80 (11.2%) |**************************
		[       13:       15)  56 ( 7.8%) |******************
		[       15:       17)  42 ( 5.9%) |**************
		[       17:       19)  19 ( 2.6%) |******
		[       19:       21)  25 ( 3.5%) |********

Type: mult_36
	Input Pin Usage:
		Max: 48.00 (0.67)
		Avg: 48.00 (0.67)
		Min: 48.00 (0.67)
		Histogram:
		[        0:      7.2) 0 ( 0.0%) |
		[      7.2:       14) 0 ( 0.0%) |
		[       14:       22) 0 ( 0.0%) |
		[       22:       29) 0 ( 0.0%) |
		[       29:       36) 0 ( 0.0%) |
		[       36:       43) 0 ( 0.0%) |
		[       43:       50) 4 (100.0%) |*************************************************
		[       50:       58) 0 ( 0.0%) |
		[       58:       65) 0 ( 0.0%) |
		[       65:       72) 0 ( 0.0%) |
	Output Pin Usage:
		Max: 48.00 (0.67)
		Avg: 48.00 (0.67)
		Min: 48.00 (0.67)
		Histogram:
		[        0:      7.2) 0 ( 0.0%) |
		[      7.2:       14) 0 ( 0.0%) |
		[       14:       22) 0 ( 0.0%) |
		[       22:       29) 0 ( 0.0%) |
		[       29:       36) 0 ( 0.0%) |
		[       36:       43) 0 ( 0.0%) |
		[       43:       50) 4 (100.0%) |*************************************************
		[       50:       58) 0 ( 0.0%) |
		[       58:       65) 0 ( 0.0%) |
		[       65:       72) 0 ( 0.0%) |

